// Jest Snapshot v1, https://goo.gl/fbAQLP

exports[`BeerCard component should match snapshot 1`] = `
ShallowWrapper {
  "length": 1,
  Symbol(enzyme.__root__): [Circular],
  Symbol(enzyme.__unrendered__): <BeerCard
    beer={Object {}}
    match={
        Object {
            "params": Object {
              "beer_id": "vcxy7z",
            },
          }
    }
    setCurrentBeer={[Function]}
    user={Object {}}
    writeUserData={[Function]}
/>,
  Symbol(enzyme.__renderer__): Object {
    "batchedUpdates": [Function],
    "getNode": [Function],
    "render": [Function],
    "simulateEvent": [Function],
    "unmount": [Function],
  },
  Symbol(enzyme.__node__): Object {
    "instance": null,
    "key": null,
    "nodeType": "host",
    "props": Object {
      "children": Array [
        <h2
          onClick={[Function]}
/>,
        <h3>
          no brewery info
</h3>,
        <h3>
          no style
</h3>,
        <h3 />,
        <Link
          replace={false}
          to="/beer/undefined"
>
          <h4>
                    View Beer Details
          </h4>
</Link>,
        <h4
          onClick={[Function]}
>
          FAVORITE
</h4>,
      ],
      "className": "beer-card",
    },
    "ref": null,
    "rendered": Array [
      Object {
        "instance": null,
        "key": null,
        "nodeType": "host",
        "props": Object {
          "children": undefined,
          "onClick": [Function],
        },
        "ref": null,
        "rendered": null,
        "type": "h2",
      },
      Object {
        "instance": null,
        "key": null,
        "nodeType": "host",
        "props": Object {
          "children": "no brewery info",
        },
        "ref": null,
        "rendered": "no brewery info",
        "type": "h3",
      },
      Object {
        "instance": null,
        "key": null,
        "nodeType": "host",
        "props": Object {
          "children": "no style",
        },
        "ref": null,
        "rendered": "no style",
        "type": "h3",
      },
      Object {
        "instance": null,
        "key": null,
        "nodeType": "host",
        "props": Object {
          "children": undefined,
        },
        "ref": null,
        "rendered": null,
        "type": "h3",
      },
      Object {
        "instance": null,
        "key": null,
        "nodeType": "class",
        "props": Object {
          "children": <h4>
            View Beer Details
</h4>,
          "replace": false,
          "to": "/beer/undefined",
        },
        "ref": null,
        "rendered": Object {
          "instance": null,
          "key": null,
          "nodeType": "host",
          "props": Object {
            "children": "View Beer Details",
          },
          "ref": null,
          "rendered": "View Beer Details",
          "type": "h4",
        },
        "type": [Function],
      },
      Object {
        "instance": null,
        "key": null,
        "nodeType": "host",
        "props": Object {
          "children": "FAVORITE",
          "onClick": [Function],
        },
        "ref": null,
        "rendered": "FAVORITE",
        "type": "h4",
      },
    ],
    "type": "div",
  },
  Symbol(enzyme.__nodes__): Array [
    Object {
      "instance": null,
      "key": null,
      "nodeType": "host",
      "props": Object {
        "children": Array [
          <h2
            onClick={[Function]}
/>,
          <h3>
            no brewery info
</h3>,
          <h3>
            no style
</h3>,
          <h3 />,
          <Link
            replace={false}
            to="/beer/undefined"
>
            <h4>
                        View Beer Details
            </h4>
</Link>,
          <h4
            onClick={[Function]}
>
            FAVORITE
</h4>,
        ],
        "className": "beer-card",
      },
      "ref": null,
      "rendered": Array [
        Object {
          "instance": null,
          "key": null,
          "nodeType": "host",
          "props": Object {
            "children": undefined,
            "onClick": [Function],
          },
          "ref": null,
          "rendered": null,
          "type": "h2",
        },
        Object {
          "instance": null,
          "key": null,
          "nodeType": "host",
          "props": Object {
            "children": "no brewery info",
          },
          "ref": null,
          "rendered": "no brewery info",
          "type": "h3",
        },
        Object {
          "instance": null,
          "key": null,
          "nodeType": "host",
          "props": Object {
            "children": "no style",
          },
          "ref": null,
          "rendered": "no style",
          "type": "h3",
        },
        Object {
          "instance": null,
          "key": null,
          "nodeType": "host",
          "props": Object {
            "children": undefined,
          },
          "ref": null,
          "rendered": null,
          "type": "h3",
        },
        Object {
          "instance": null,
          "key": null,
          "nodeType": "class",
          "props": Object {
            "children": <h4>
              View Beer Details
</h4>,
            "replace": false,
            "to": "/beer/undefined",
          },
          "ref": null,
          "rendered": Object {
            "instance": null,
            "key": null,
            "nodeType": "host",
            "props": Object {
              "children": "View Beer Details",
            },
            "ref": null,
            "rendered": "View Beer Details",
            "type": "h4",
          },
          "type": [Function],
        },
        Object {
          "instance": null,
          "key": null,
          "nodeType": "host",
          "props": Object {
            "children": "FAVORITE",
            "onClick": [Function],
          },
          "ref": null,
          "rendered": "FAVORITE",
          "type": "h4",
        },
      ],
      "type": "div",
    },
  ],
  Symbol(enzyme.__options__): Object {
    "adapter": ReactSixteenAdapter {
      "options": Object {
        "enableComponentDidUpdateOnSetState": true,
      },
    },
  },
}
`;
