// Jest Snapshot v1, https://goo.gl/fbAQLP

exports[`Favorites component should match snapshot 1`] = `
ShallowWrapper {
  "length": 1,
  Symbol(enzyme.__root__): [Circular],
  Symbol(enzyme.__unrendered__): <Favorites
    favoriteBeers={Array []}
    favoriteBreweries={Array []}
    favorites={Object {}}
    getFavoriteBeers={[Function]}
    getFavoriteBreweries={[Function]}
    removeFavoriteBeer={[Function]}
    removeFavoriteBreweries={[Function]}
    setCurrentBeer={[Function]}
    user={Object {}}
/>,
  Symbol(enzyme.__renderer__): Object {
    "batchedUpdates": [Function],
    "getNode": [Function],
    "render": [Function],
    "simulateEvent": [Function],
    "unmount": [Function],
  },
  Symbol(enzyme.__node__): Object {
    "instance": null,
    "key": null,
    "nodeType": "host",
    "props": Object {
      "children": <h1>
        Your Favorites Are Empty!
</h1>,
      "className": "favorites",
    },
    "ref": null,
    "rendered": Object {
      "instance": null,
      "key": null,
      "nodeType": "host",
      "props": Object {
        "children": "Your Favorites Are Empty!",
      },
      "ref": null,
      "rendered": "Your Favorites Are Empty!",
      "type": "h1",
    },
    "type": "div",
  },
  Symbol(enzyme.__nodes__): Array [
    Object {
      "instance": null,
      "key": null,
      "nodeType": "host",
      "props": Object {
        "children": <h1>
          Your Favorites Are Empty!
</h1>,
        "className": "favorites",
      },
      "ref": null,
      "rendered": Object {
        "instance": null,
        "key": null,
        "nodeType": "host",
        "props": Object {
          "children": "Your Favorites Are Empty!",
        },
        "ref": null,
        "rendered": "Your Favorites Are Empty!",
        "type": "h1",
      },
      "type": "div",
    },
  ],
  Symbol(enzyme.__options__): Object {
    "adapter": ReactSixteenAdapter {
      "options": Object {
        "enableComponentDidUpdateOnSetState": true,
      },
    },
  },
}
`;
