// Jest Snapshot v1, https://goo.gl/fbAQLP

exports[`Header component should match snapshot 1`] = `
ShallowWrapper {
  "length": 1,
  Symbol(enzyme.__root__): [Circular],
  Symbol(enzyme.__unrendered__): <Header />,
  Symbol(enzyme.__renderer__): Object {
    "batchedUpdates": [Function],
    "getNode": [Function],
    "render": [Function],
    "simulateEvent": [Function],
    "unmount": [Function],
  },
  Symbol(enzyme.__node__): Object {
    "instance": null,
    "key": null,
    "nodeType": "host",
    "props": Object {
      "children": Array [
        <Link
          replace={false}
          to="/login"
>
          <h3>
                    Login
          </h3>
</Link>,
        <Link
          replace={false}
          to="/createaccount"
>
          <h3>
                    Create Account
          </h3>
</Link>,
        <h3
          className="logout"
          onClick={undefined}
>
          Logout
</h3>,
        <Link
          replace={false}
          to="/"
>
          <h1>
                    Brew 
                    <img
                              className="header-logo"
                              src="pint.svg"
                    />
                     Scout
          </h1>
</Link>,
        <Link
          replace={false}
          to="/favorites"
>
          <h3>
                    Favorites
          </h3>
</Link>,
        <div
          className="dropdown"
>
          <button
                    className="dropbtn"
                    onClick={[Function]}
          >
                    Dropdown
          </button>
          <div
                    className="dropdown-content"
                    id="myDropdown"
          >
                    <a
                              href="#"
                    >
                              Link 1
                    </a>
                    <a
                              href="#"
                    >
                              Link 2
                    </a>
                    <a
                              href="#"
                    >
                              Link 3
                    </a>
          </div>
</div>,
      ],
      "className": "header",
    },
    "ref": null,
    "rendered": Array [
      Object {
        "instance": null,
        "key": null,
        "nodeType": "class",
        "props": Object {
          "children": <h3>
            Login
</h3>,
          "replace": false,
          "to": "/login",
        },
        "ref": null,
        "rendered": Object {
          "instance": null,
          "key": null,
          "nodeType": "host",
          "props": Object {
            "children": "Login",
          },
          "ref": null,
          "rendered": "Login",
          "type": "h3",
        },
        "type": [Function],
      },
      Object {
        "instance": null,
        "key": null,
        "nodeType": "class",
        "props": Object {
          "children": <h3>
            Create Account
</h3>,
          "replace": false,
          "to": "/createaccount",
        },
        "ref": null,
        "rendered": Object {
          "instance": null,
          "key": null,
          "nodeType": "host",
          "props": Object {
            "children": "Create Account",
          },
          "ref": null,
          "rendered": "Create Account",
          "type": "h3",
        },
        "type": [Function],
      },
      Object {
        "instance": null,
        "key": null,
        "nodeType": "host",
        "props": Object {
          "children": "Logout",
          "className": "logout",
          "onClick": undefined,
        },
        "ref": null,
        "rendered": "Logout",
        "type": "h3",
      },
      Object {
        "instance": null,
        "key": null,
        "nodeType": "class",
        "props": Object {
          "children": <h1>
            Brew 
            <img
                        className="header-logo"
                        src="pint.svg"
            />
             Scout
</h1>,
          "replace": false,
          "to": "/",
        },
        "ref": null,
        "rendered": Object {
          "instance": null,
          "key": null,
          "nodeType": "host",
          "props": Object {
            "children": Array [
              "Brew ",
              <img
                className="header-logo"
                src="pint.svg"
/>,
              " Scout",
            ],
          },
          "ref": null,
          "rendered": Array [
            "Brew ",
            Object {
              "instance": null,
              "key": null,
              "nodeType": "host",
              "props": Object {
                "className": "header-logo",
                "src": "pint.svg",
              },
              "ref": null,
              "rendered": null,
              "type": "img",
            },
            " Scout",
          ],
          "type": "h1",
        },
        "type": [Function],
      },
      Object {
        "instance": null,
        "key": null,
        "nodeType": "class",
        "props": Object {
          "children": <h3>
            Favorites
</h3>,
          "replace": false,
          "to": "/favorites",
        },
        "ref": null,
        "rendered": Object {
          "instance": null,
          "key": null,
          "nodeType": "host",
          "props": Object {
            "children": "Favorites",
          },
          "ref": null,
          "rendered": "Favorites",
          "type": "h3",
        },
        "type": [Function],
      },
      Object {
        "instance": null,
        "key": null,
        "nodeType": "host",
        "props": Object {
          "children": Array [
            <button
              className="dropbtn"
              onClick={[Function]}
>
              Dropdown
</button>,
            <div
              className="dropdown-content"
              id="myDropdown"
>
              <a
                            href="#"
              >
                            Link 1
              </a>
              <a
                            href="#"
              >
                            Link 2
              </a>
              <a
                            href="#"
              >
                            Link 3
              </a>
</div>,
          ],
          "className": "dropdown",
        },
        "ref": null,
        "rendered": Array [
          Object {
            "instance": null,
            "key": null,
            "nodeType": "host",
            "props": Object {
              "children": "Dropdown",
              "className": "dropbtn",
              "onClick": [Function],
            },
            "ref": null,
            "rendered": "Dropdown",
            "type": "button",
          },
          Object {
            "instance": null,
            "key": null,
            "nodeType": "host",
            "props": Object {
              "children": Array [
                <a
                  href="#"
>
                  Link 1
</a>,
                <a
                  href="#"
>
                  Link 2
</a>,
                <a
                  href="#"
>
                  Link 3
</a>,
              ],
              "className": "dropdown-content",
              "id": "myDropdown",
            },
            "ref": null,
            "rendered": Array [
              Object {
                "instance": null,
                "key": null,
                "nodeType": "host",
                "props": Object {
                  "children": "Link 1",
                  "href": "#",
                },
                "ref": null,
                "rendered": "Link 1",
                "type": "a",
              },
              Object {
                "instance": null,
                "key": null,
                "nodeType": "host",
                "props": Object {
                  "children": "Link 2",
                  "href": "#",
                },
                "ref": null,
                "rendered": "Link 2",
                "type": "a",
              },
              Object {
                "instance": null,
                "key": null,
                "nodeType": "host",
                "props": Object {
                  "children": "Link 3",
                  "href": "#",
                },
                "ref": null,
                "rendered": "Link 3",
                "type": "a",
              },
            ],
            "type": "div",
          },
        ],
        "type": "div",
      },
    ],
    "type": "div",
  },
  Symbol(enzyme.__nodes__): Array [
    Object {
      "instance": null,
      "key": null,
      "nodeType": "host",
      "props": Object {
        "children": Array [
          <Link
            replace={false}
            to="/login"
>
            <h3>
                        Login
            </h3>
</Link>,
          <Link
            replace={false}
            to="/createaccount"
>
            <h3>
                        Create Account
            </h3>
</Link>,
          <h3
            className="logout"
            onClick={undefined}
>
            Logout
</h3>,
          <Link
            replace={false}
            to="/"
>
            <h1>
                        Brew 
                        <img
                                    className="header-logo"
                                    src="pint.svg"
                        />
                         Scout
            </h1>
</Link>,
          <Link
            replace={false}
            to="/favorites"
>
            <h3>
                        Favorites
            </h3>
</Link>,
          <div
            className="dropdown"
>
            <button
                        className="dropbtn"
                        onClick={[Function]}
            >
                        Dropdown
            </button>
            <div
                        className="dropdown-content"
                        id="myDropdown"
            >
                        <a
                                    href="#"
                        >
                                    Link 1
                        </a>
                        <a
                                    href="#"
                        >
                                    Link 2
                        </a>
                        <a
                                    href="#"
                        >
                                    Link 3
                        </a>
            </div>
</div>,
        ],
        "className": "header",
      },
      "ref": null,
      "rendered": Array [
        Object {
          "instance": null,
          "key": null,
          "nodeType": "class",
          "props": Object {
            "children": <h3>
              Login
</h3>,
            "replace": false,
            "to": "/login",
          },
          "ref": null,
          "rendered": Object {
            "instance": null,
            "key": null,
            "nodeType": "host",
            "props": Object {
              "children": "Login",
            },
            "ref": null,
            "rendered": "Login",
            "type": "h3",
          },
          "type": [Function],
        },
        Object {
          "instance": null,
          "key": null,
          "nodeType": "class",
          "props": Object {
            "children": <h3>
              Create Account
</h3>,
            "replace": false,
            "to": "/createaccount",
          },
          "ref": null,
          "rendered": Object {
            "instance": null,
            "key": null,
            "nodeType": "host",
            "props": Object {
              "children": "Create Account",
            },
            "ref": null,
            "rendered": "Create Account",
            "type": "h3",
          },
          "type": [Function],
        },
        Object {
          "instance": null,
          "key": null,
          "nodeType": "host",
          "props": Object {
            "children": "Logout",
            "className": "logout",
            "onClick": undefined,
          },
          "ref": null,
          "rendered": "Logout",
          "type": "h3",
        },
        Object {
          "instance": null,
          "key": null,
          "nodeType": "class",
          "props": Object {
            "children": <h1>
              Brew 
              <img
                            className="header-logo"
                            src="pint.svg"
              />
               Scout
</h1>,
            "replace": false,
            "to": "/",
          },
          "ref": null,
          "rendered": Object {
            "instance": null,
            "key": null,
            "nodeType": "host",
            "props": Object {
              "children": Array [
                "Brew ",
                <img
                  className="header-logo"
                  src="pint.svg"
/>,
                " Scout",
              ],
            },
            "ref": null,
            "rendered": Array [
              "Brew ",
              Object {
                "instance": null,
                "key": null,
                "nodeType": "host",
                "props": Object {
                  "className": "header-logo",
                  "src": "pint.svg",
                },
                "ref": null,
                "rendered": null,
                "type": "img",
              },
              " Scout",
            ],
            "type": "h1",
          },
          "type": [Function],
        },
        Object {
          "instance": null,
          "key": null,
          "nodeType": "class",
          "props": Object {
            "children": <h3>
              Favorites
</h3>,
            "replace": false,
            "to": "/favorites",
          },
          "ref": null,
          "rendered": Object {
            "instance": null,
            "key": null,
            "nodeType": "host",
            "props": Object {
              "children": "Favorites",
            },
            "ref": null,
            "rendered": "Favorites",
            "type": "h3",
          },
          "type": [Function],
        },
        Object {
          "instance": null,
          "key": null,
          "nodeType": "host",
          "props": Object {
            "children": Array [
              <button
                className="dropbtn"
                onClick={[Function]}
>
                Dropdown
</button>,
              <div
                className="dropdown-content"
                id="myDropdown"
>
                <a
                                href="#"
                >
                                Link 1
                </a>
                <a
                                href="#"
                >
                                Link 2
                </a>
                <a
                                href="#"
                >
                                Link 3
                </a>
</div>,
            ],
            "className": "dropdown",
          },
          "ref": null,
          "rendered": Array [
            Object {
              "instance": null,
              "key": null,
              "nodeType": "host",
              "props": Object {
                "children": "Dropdown",
                "className": "dropbtn",
                "onClick": [Function],
              },
              "ref": null,
              "rendered": "Dropdown",
              "type": "button",
            },
            Object {
              "instance": null,
              "key": null,
              "nodeType": "host",
              "props": Object {
                "children": Array [
                  <a
                    href="#"
>
                    Link 1
</a>,
                  <a
                    href="#"
>
                    Link 2
</a>,
                  <a
                    href="#"
>
                    Link 3
</a>,
                ],
                "className": "dropdown-content",
                "id": "myDropdown",
              },
              "ref": null,
              "rendered": Array [
                Object {
                  "instance": null,
                  "key": null,
                  "nodeType": "host",
                  "props": Object {
                    "children": "Link 1",
                    "href": "#",
                  },
                  "ref": null,
                  "rendered": "Link 1",
                  "type": "a",
                },
                Object {
                  "instance": null,
                  "key": null,
                  "nodeType": "host",
                  "props": Object {
                    "children": "Link 2",
                    "href": "#",
                  },
                  "ref": null,
                  "rendered": "Link 2",
                  "type": "a",
                },
                Object {
                  "instance": null,
                  "key": null,
                  "nodeType": "host",
                  "props": Object {
                    "children": "Link 3",
                    "href": "#",
                  },
                  "ref": null,
                  "rendered": "Link 3",
                  "type": "a",
                },
              ],
              "type": "div",
            },
          ],
          "type": "div",
        },
      ],
      "type": "div",
    },
  ],
  Symbol(enzyme.__options__): Object {
    "adapter": ReactSixteenAdapter {
      "options": Object {
        "enableComponentDidUpdateOnSetState": true,
      },
    },
  },
}
`;
