// Jest Snapshot v1, https://goo.gl/fbAQLP

exports[`Login component should match snapshot 1`] = `
ShallowWrapper {
  "length": 1,
  Symbol(enzyme.__root__): [Circular],
  Symbol(enzyme.__unrendered__): <Login
    errorMessage=""
    login={[Function]}
    user={
        Object {
            "id": "vafahiuweh",
          }
    }
/>,
  Symbol(enzyme.__renderer__): Object {
    "batchedUpdates": [Function],
    "getNode": [Function],
    "render": [Function],
    "simulateEvent": [Function],
    "unmount": [Function],
  },
  Symbol(enzyme.__node__): Object {
    "instance": null,
    "key": null,
    "nodeType": "host",
    "props": Object {
      "children": Array [
        <Redirect
          push={false}
          to="/"
/>,
        <h1>
          Login
</h1>,
        "",
        <input
          className="email-input"
          onChange={[Function]}
          placeholder="email"
/>,
        <input
          className="password-input"
          onChange={[Function]}
          placeholder="password"
          type="password"
/>,
        <button
          className="login-btn"
          onClick={[Function]}
>
          submit
</button>,
        <Link
          replace={false}
          to="/createaccount"
>
          <h4>
                    Not a member? Create an account!
          </h4>
</Link>,
      ],
      "className": "login",
    },
    "ref": null,
    "rendered": Array [
      Object {
        "instance": null,
        "key": null,
        "nodeType": "class",
        "props": Object {
          "push": false,
          "to": "/",
        },
        "ref": null,
        "rendered": null,
        "type": [Function],
      },
      Object {
        "instance": null,
        "key": null,
        "nodeType": "host",
        "props": Object {
          "children": "Login",
        },
        "ref": null,
        "rendered": "Login",
        "type": "h1",
      },
      "",
      Object {
        "instance": null,
        "key": null,
        "nodeType": "host",
        "props": Object {
          "className": "email-input",
          "onChange": [Function],
          "placeholder": "email",
        },
        "ref": null,
        "rendered": null,
        "type": "input",
      },
      Object {
        "instance": null,
        "key": null,
        "nodeType": "host",
        "props": Object {
          "className": "password-input",
          "onChange": [Function],
          "placeholder": "password",
          "type": "password",
        },
        "ref": null,
        "rendered": null,
        "type": "input",
      },
      Object {
        "instance": null,
        "key": null,
        "nodeType": "host",
        "props": Object {
          "children": "submit",
          "className": "login-btn",
          "onClick": [Function],
        },
        "ref": null,
        "rendered": "submit",
        "type": "button",
      },
      Object {
        "instance": null,
        "key": null,
        "nodeType": "class",
        "props": Object {
          "children": <h4>
            Not a member? Create an account!
</h4>,
          "replace": false,
          "to": "/createaccount",
        },
        "ref": null,
        "rendered": Object {
          "instance": null,
          "key": null,
          "nodeType": "host",
          "props": Object {
            "children": "Not a member? Create an account!",
          },
          "ref": null,
          "rendered": "Not a member? Create an account!",
          "type": "h4",
        },
        "type": [Function],
      },
    ],
    "type": "div",
  },
  Symbol(enzyme.__nodes__): Array [
    Object {
      "instance": null,
      "key": null,
      "nodeType": "host",
      "props": Object {
        "children": Array [
          <Redirect
            push={false}
            to="/"
/>,
          <h1>
            Login
</h1>,
          "",
          <input
            className="email-input"
            onChange={[Function]}
            placeholder="email"
/>,
          <input
            className="password-input"
            onChange={[Function]}
            placeholder="password"
            type="password"
/>,
          <button
            className="login-btn"
            onClick={[Function]}
>
            submit
</button>,
          <Link
            replace={false}
            to="/createaccount"
>
            <h4>
                        Not a member? Create an account!
            </h4>
</Link>,
        ],
        "className": "login",
      },
      "ref": null,
      "rendered": Array [
        Object {
          "instance": null,
          "key": null,
          "nodeType": "class",
          "props": Object {
            "push": false,
            "to": "/",
          },
          "ref": null,
          "rendered": null,
          "type": [Function],
        },
        Object {
          "instance": null,
          "key": null,
          "nodeType": "host",
          "props": Object {
            "children": "Login",
          },
          "ref": null,
          "rendered": "Login",
          "type": "h1",
        },
        "",
        Object {
          "instance": null,
          "key": null,
          "nodeType": "host",
          "props": Object {
            "className": "email-input",
            "onChange": [Function],
            "placeholder": "email",
          },
          "ref": null,
          "rendered": null,
          "type": "input",
        },
        Object {
          "instance": null,
          "key": null,
          "nodeType": "host",
          "props": Object {
            "className": "password-input",
            "onChange": [Function],
            "placeholder": "password",
            "type": "password",
          },
          "ref": null,
          "rendered": null,
          "type": "input",
        },
        Object {
          "instance": null,
          "key": null,
          "nodeType": "host",
          "props": Object {
            "children": "submit",
            "className": "login-btn",
            "onClick": [Function],
          },
          "ref": null,
          "rendered": "submit",
          "type": "button",
        },
        Object {
          "instance": null,
          "key": null,
          "nodeType": "class",
          "props": Object {
            "children": <h4>
              Not a member? Create an account!
</h4>,
            "replace": false,
            "to": "/createaccount",
          },
          "ref": null,
          "rendered": Object {
            "instance": null,
            "key": null,
            "nodeType": "host",
            "props": Object {
              "children": "Not a member? Create an account!",
            },
            "ref": null,
            "rendered": "Not a member? Create an account!",
            "type": "h4",
          },
          "type": [Function],
        },
      ],
      "type": "div",
    },
  ],
  Symbol(enzyme.__options__): Object {
    "adapter": ReactSixteenAdapter {
      "options": Object {
        "enableComponentDidUpdateOnSetState": true,
      },
    },
  },
}
`;
