// Jest Snapshot v1, https://goo.gl/fbAQLP

exports[`SearchResults component should match snapshot 1`] = `
ShallowWrapper {
  "length": 1,
  Symbol(enzyme.__root__): [Circular],
  Symbol(enzyme.__unrendered__): <SearchResults
    getBrewery={[Function]}
    searchResults={
        Array [
            Object {},
            Object {},
          ]
    }
    searchType="beer"
    setCurrentBeer={[Function]}
    user={Object {}}
/>,
  Symbol(enzyme.__renderer__): Object {
    "batchedUpdates": [Function],
    "getNode": [Function],
    "render": [Function],
    "simulateEvent": [Function],
    "unmount": [Function],
  },
  Symbol(enzyme.__node__): Object {
    "instance": null,
    "key": null,
    "nodeType": "host",
    "props": Object {
      "children": Array [
        <h1>
          Search Results
</h1>,
        <div
          className="card-container"
>
          
</div>,
      ],
      "className": "search-results",
    },
    "ref": null,
    "rendered": Array [
      Object {
        "instance": null,
        "key": null,
        "nodeType": "host",
        "props": Object {
          "children": "Search Results",
        },
        "ref": null,
        "rendered": "Search Results",
        "type": "h1",
      },
      Object {
        "instance": null,
        "key": null,
        "nodeType": "host",
        "props": Object {
          "children": Array [
            undefined,
            Array [],
            null,
            null,
          ],
          "className": "card-container",
        },
        "ref": null,
        "rendered": Array [
          undefined,
          null,
          null,
        ],
        "type": "div",
      },
    ],
    "type": "div",
  },
  Symbol(enzyme.__nodes__): Array [
    Object {
      "instance": null,
      "key": null,
      "nodeType": "host",
      "props": Object {
        "children": Array [
          <h1>
            Search Results
</h1>,
          <div
            className="card-container"
>
            
</div>,
        ],
        "className": "search-results",
      },
      "ref": null,
      "rendered": Array [
        Object {
          "instance": null,
          "key": null,
          "nodeType": "host",
          "props": Object {
            "children": "Search Results",
          },
          "ref": null,
          "rendered": "Search Results",
          "type": "h1",
        },
        Object {
          "instance": null,
          "key": null,
          "nodeType": "host",
          "props": Object {
            "children": Array [
              undefined,
              Array [],
              null,
              null,
            ],
            "className": "card-container",
          },
          "ref": null,
          "rendered": Array [
            undefined,
            null,
            null,
          ],
          "type": "div",
        },
      ],
      "type": "div",
    },
  ],
  Symbol(enzyme.__options__): Object {
    "adapter": ReactSixteenAdapter {
      "options": Object {
        "enableComponentDidUpdateOnSetState": true,
      },
    },
  },
}
`;
